// Jest Snapshot v1, https://goo.gl/fbAQLP

exports[`AssetsContainer renders correctly 1`] = `
<Assets
  assets={undefined}
/>
`;
