// Jest Snapshot v1, https://goo.gl/fbAQLP

exports[`AssetsListContainer renders correctly 1`] = `
<div>
  <AssetFilter
    handleChange={[Function]}
    searchQuery=""
    updateSearchQuery={[Function]}
  />
  <AssetsList
    assets={undefined}
    navigateToAsset={[Function]}
  />
</div>
`;
