// Jest Snapshot v1, https://goo.gl/fbAQLP

exports[`ReceiveAssetFormContainer renders correctly 1`] = `
<ReceiveAssetForm
  comment=""
  handleCommentChange={[Function]}
  handleNameChange={[Function]}
  handleSubmit={[Function]}
  name=""
  nameErr={null}
/>
`;
