// Jest Snapshot v1, https://goo.gl/fbAQLP

exports[`Assets renders correctly 1`] = `
<div>
  <Connect(ReceiveAssetFormContainer) />
  <withRouter(Connect(AssetsListContainer)) />
</div>
`;
