// Jest Snapshot v1, https://goo.gl/fbAQLP

exports[`Profile renders correctly 1`] = `
<Card
  centered={true}
  color="grey"
  header="Foo Bar"
  image="/photo.jpg"
  meta="Foobar"
/>
`;
